[debug] [2025-12-03T12:30:56.278Z] ----------------------------------------------------------------------
[debug] [2025-12-03T12:30:56.281Z] Command:       C:\Program Files\nodejs\node.exe C:\Users\erikp\AppData\Roaming\npm\node_modules\firebase-tools\lib\bin\firebase.js init
[debug] [2025-12-03T12:30:56.281Z] CLI Version:   14.26.0
[debug] [2025-12-03T12:30:56.281Z] Platform:      win32
[debug] [2025-12-03T12:30:56.281Z] Node Version:  v22.14.0
[debug] [2025-12-03T12:30:56.281Z] Time:          Wed Dec 03 2025 13:30:56 GMT+0100 (Central European Standard Time)
[debug] [2025-12-03T12:30:56.282Z] ----------------------------------------------------------------------
[debug] 
[debug] [2025-12-03T12:30:56.283Z] >>> [apiv2][query] GET https://firebase-public.firebaseio.com/cli.json [none]
[info] 
     ######## #### ########  ######## ########     ###     ######  ########
     ##        ##  ##     ## ##       ##     ##  ##   ##  ##       ##
     ######    ##  ########  ######   ########  #########  ######  ######
     ##        ##  ##    ##  ##       ##     ## ##     ##       ## ##
     ##       #### ##     ## ######## ########  ##     ##  ######  ########

You're about to initialize a Firebase project in this directory:

  C:\Users\erikp\Documents\GitHub\Pointhunt\Pointhunt\pointhunt

[debug] [2025-12-03T12:30:56.607Z] <<< [apiv2][status] GET https://firebase-public.firebaseio.com/cli.json 200
[debug] [2025-12-03T12:30:56.608Z] <<< [apiv2][body] GET https://firebase-public.firebaseio.com/cli.json {"cloudBuildErrorAfter":1594252800000,"cloudBuildWarnAfter":1590019200000,"defaultNode10After":1594252800000,"minVersion":"3.0.5","node8DeploysDisabledAfter":1613390400000,"node8RuntimeDisabledAfter":1615809600000,"node8WarnAfter":1600128000000}
[debug] [2025-12-03T12:31:17.287Z] ExitPromptError: User force closed the prompt with SIGINT
    at Interface.sigint (C:\Users\erikp\AppData\Roaming\npm\node_modules\firebase-tools\node_modules\@inquirer\core\dist\commonjs\lib\create-prompt.js:101:37)
    at Interface.emit (node:events:518:28)
    at Interface.emit (node:domain:489:12)
    at [_ttyWrite] [as _ttyWrite] (node:internal/readline/interface:1124:18)
    at ReadStream.onkeypress (node:internal/readline/interface:263:20)
    at ReadStream.emit (node:events:530:35)
    at ReadStream.emit (node:domain:489:12)
    at emitKeys (node:internal/readline/utils:370:14)
    at emitKeys.next (<anonymous>)
    at ReadStream.onData (node:internal/readline/emitKeypressEvents:64:36)
[error] 
[error] Error: An unexpected error has occurred.
